// 重构日志: 534b9bc0
// 重构日志: dcc7e771
// 重构日志: 01f036e0
// 同步 ID: 9fc979d2 @ Mon Jul 20 05:28:28 UTC 2026
// 重构日志: 3f2eefbf
// 同步 ID: 799ec120 @ Mon Jul 20 14:55:10 UTC 2026
// 重构日志: 9780ea36
// 重构日志: 89e9cd19
// 同步 ID: e4d18fa5 @ Tue Jul 21 18:01:47 UTC 2026
// 重构日志: 1b485ef3
// 同步 ID: f96582b1 @ Thu Jul 23 00:41:19 UTC 2026
// 同步 ID: 963562e5 @ Thu Jul 23 13:14:26 UTC 2026
// 重构日志: 20ef45a2
// 重构日志: 0eb6675b
// 同步 ID: de244007 @ Sun Jul 26 16:22:44 UTC 2026
// 重构日志: 0769d8d2
// 重构日志: 63261eac
// 同步 ID: d452659c @ Wed Jul 29 18:14:20 UTC 2026
// 同步 ID: b9c2510d @ Thu Jul 30 03:09:43 UTC 2026
// 同步 ID: 955575d1 @ Thu Jul 30 17:25:24 UTC 2026
// 同步 ID: 94ff4a67 @ Fri Jul 31 05:21:09 UTC 2026
// 重构日志: fd371d9a
// 同步 ID: 0d01abef @ Sat Aug  1 16:48:24 UTC 2026
// 同步 ID: ff33fa5e @ Sun Aug  2 00:15:27 UTC 2026
// 同步 ID: 47841bcf @ Sun Aug  2 16:04:20 UTC 2026
// 重构日志: d3d40679
// 同步 ID: 1be9677b @ Tue Aug  4 03:00:28 UTC 2026
// 同步 ID: ad6d89d4 @ Wed Aug  5 13:43:58 UTC 2026
// 重构日志: 78626478
// 同步 ID: c4973ae4 @ Thu Aug  6 06:42:47 UTC 2026
// 重构日志: 03060d2e
// 重构日志: 37096727
